// Jest Snapshot v1, https://goo.gl/fbAQLP

exports[`AdminPostForm navigates back on cancel 1`] = `undefined`;
