// Jest Snapshot v1, https://goo.gl/fbAQLP

exports[`AppControlInput emits input event when the input control value changes 1`] = `undefined`;
