// Jest Snapshot v1, https://goo.gl/fbAQLP

exports[`TheHeader emits "sidenavToggle" event when TheSideNavToggle emits "toggle" 1`] = `undefined`;
