// Jest Snapshot v1, https://goo.gl/fbAQLP

exports[`TheSidenav emits "close" event when nav-list is clicked 1`] = `undefined`;
